stm32f4xx_hal_rtc_ex.c:141:19:HAL_RTCEx_SetTimeStamp	8	static
stm32f4xx_hal_rtc_ex.c:201:19:HAL_RTCEx_SetTimeStamp_IT	8	static
stm32f4xx_hal_rtc_ex.c:258:19:HAL_RTCEx_DeactivateTimeStamp	0	static
stm32f4xx_hal_rtc_ex.c:302:19:HAL_RTCEx_GetTimeStamp	24	static
stm32f4xx_hal_rtc_ex.c:354:19:HAL_RTCEx_SetTamper	12	static
stm32f4xx_hal_rtc_ex.c:404:19:HAL_RTCEx_SetTamper_IT	16	static
stm32f4xx_hal_rtc_ex.c:474:19:HAL_RTCEx_DeactivateTamper	0	static
stm32f4xx_hal_rtc_ex.c:569:13:HAL_RTCEx_TimeStampEventCallback	0	static
stm32f4xx_hal_rtc_ex.c:584:13:HAL_RTCEx_Tamper1EventCallback	0	static
stm32f4xx_hal_rtc_ex.c:599:13:HAL_RTCEx_Tamper2EventCallback	0	static
stm32f4xx_hal_rtc_ex.c:500:6:HAL_RTCEx_TamperTimeStampIRQHandler	8	static
stm32f4xx_hal_rtc_ex.c:615:19:HAL_RTCEx_PollForTimeStampEvent	16	static
stm32f4xx_hal_rtc_ex.c:658:19:HAL_RTCEx_PollForTamper1Event	16	static
stm32f4xx_hal_rtc_ex.c:694:19:HAL_RTCEx_PollForTamper2Event	16	static
stm32f4xx_hal_rtc_ex.c:749:19:HAL_RTCEx_SetWakeUpTimer	24	static
stm32f4xx_hal_rtc_ex.c:840:19:HAL_RTCEx_SetWakeUpTimer_IT	24	static
stm32f4xx_hal_rtc_ex.c:940:10:HAL_RTCEx_DeactivateWakeUpTimer	16	static
stm32f4xx_hal_rtc_ex.c:995:10:HAL_RTCEx_GetWakeUpTimer	0	static
stm32f4xx_hal_rtc_ex.c:1041:13:HAL_RTCEx_WakeUpTimerEventCallback	0	static
stm32f4xx_hal_rtc_ex.c:1012:6:HAL_RTCEx_WakeUpTimerIRQHandler	8	static
stm32f4xx_hal_rtc_ex.c:1057:19:HAL_RTCEx_PollForWakeUpTimerEvent	16	static
stm32f4xx_hal_rtc_ex.c:1127:6:HAL_RTCEx_BKUPWrite	0	static
stm32f4xx_hal_rtc_ex.c:1150:10:HAL_RTCEx_BKUPRead	0	static
stm32f4xx_hal_rtc_ex.c:1181:19:HAL_RTCEx_SetCoarseCalib	24	static
stm32f4xx_hal_rtc_ex.c:1239:19:HAL_RTCEx_DeactivateCoarseCalib	16	static
stm32f4xx_hal_rtc_ex.c:1304:19:HAL_RTCEx_SetSmoothCalib	24	static
stm32f4xx_hal_rtc_ex.c:1374:19:HAL_RTCEx_SetSynchroShift	24	static
stm32f4xx_hal_rtc_ex.c:1469:19:HAL_RTCEx_SetCalibrationOutPut	0	static
stm32f4xx_hal_rtc_ex.c:1508:19:HAL_RTCEx_DeactivateCalibrationOutPut	0	static
stm32f4xx_hal_rtc_ex.c:1538:19:HAL_RTCEx_SetRefClock	16	static
stm32f4xx_hal_rtc_ex.c:1588:19:HAL_RTCEx_DeactivateRefClock	16	static
stm32f4xx_hal_rtc_ex.c:1640:19:HAL_RTCEx_EnableBypassShadow	0	static
stm32f4xx_hal_rtc_ex.c:1673:19:HAL_RTCEx_DisableBypassShadow	0	static
stm32f4xx_hal_rtc_ex.c:1723:13:HAL_RTCEx_AlarmBEventCallback	0	static
stm32f4xx_hal_rtc_ex.c:1739:19:HAL_RTCEx_PollForAlarmBEvent	16	static
