lv_disp.h:97:26:lv_scr_act	8	static
lv_label.h:185:20:lv_label_set_style	24	static
StopwatchScreen.c:26:6:tos_StopWatchScreen_Init	16	static
StopwatchScreen.c:45:6:StopWatch_Obj_Init	24	static
StopwatchScreen.c:83:6:StopWatch_Stopwatch_Updater	8	static
StopwatchScreen.c:90:6:StopWatch_ButtonController	16	static
StopwatchScreen.c:115:6:StopWatch_Update_Time	4	static
StopwatchScreen.c:135:6:StopWatch_Update_Lbl	24	static
StopwatchScreen.c:141:6:StopWatch_Update_saveLbl	24	static
StopwatchScreen.c:152:6:StopWatch_Update_StatuImg	16	static
StopwatchScreen.c:171:6:StopWatch_TaskControllerSet	16	static
StopwatchScreen.c:174:6:StopWatch_TaskControllerGet	4	static
