lv_disp.h:97:26:lv_scr_act	8	static
tos_Gui_Helper.c:24:6:tos_Screen_Init	8	static
tos_Gui_Helper.c:39:6:tos_firstScreen_Update	8	static
tos_Gui_Helper.c:49:6:tos_Gui_Init	8	static
tos_Gui_Helper.c:58:6:tos_ScreenController	8	static
tos_Gui_Helper.c:83:6:tos_Screen_Chooser	16	static
tos_Gui_Helper.c:104:6:tos_Screen_Variables_Getter	16	static
tos_Gui_Helper.c:111:6:tos_Get_Rtc	16	static
tos_Gui_Helper.c:114:9:tos_Get_Current_Screen	4	static
tos_Gui_Helper.c:117:6:tos_Set_Current_Screen	8	static
tos_Gui_Helper.c:121:6:tos_SleepScreen_Counter	8	static
tos_Gui_Helper.c:129:6:tos_Gui_ShutdownController	8	static
