tos_Bluetooth_Helper.c:93:6:tos_BluetoothBufferCleaner	24	static
tos_Bluetooth_Helper.c:102:6:tos_BluetoothEnableController	8	static
tos_Bluetooth_Helper.c:114:6:tos_Bluetooth_isConnected	8	static
tos_Bluetooth_Helper.c:132:6:tos_Bluetooth_ResponseToCompletedThePackageOfReceive	32	static
tos_Bluetooth_Helper.c:167:6:tos_Bluetooth_UpdateTransmitArrayForInstantStatusVals	48	static
tos_Bluetooth_Helper.c:212:6:tos_Bluetooth_UpdateTransmitArrayForMusicVAls	32	static
tos_Bluetooth_Helper.c:252:6:tos_Bluetooth_PushTimeAndDate	16	static
tos_Bluetooth_Helper.c:287:6:tos_Bluetooth_PushMusic	64	static
tos_Bluetooth_Helper.c:325:6:tos_Bluetooth_PushNotification	256	static
tos_Bluetooth_Helper.c:342:6:tos_BluetoothGetStatusVAl	24	static
tos_Bluetooth_Helper.c:355:12:tos_BluetoothStatus_SymColor_Helper	16	static
tos_Bluetooth_Helper.c:363:6:tos_Bluetooth_ItemInit	16	static
tos_Bluetooth_Helper.c:375:6:tos_BluetoothController	8	static
tos_Bluetooth_Helper.c:390:6:tos_BluetoothRxBufferParse	8	static
tos_Bluetooth_Helper.c:417:6:tos_BluetoothTransmitter	16	static
tos_Bluetooth_Helper.c:430:6:tos_Bluetooth_ReceiveData	8	static
tos_Bluetooth_Helper.c:437:6:tos_Bluetooth_Receive_IT	32	static
tos_Bluetooth_Helper.c:465:6:tos_BluetoothGetEnableVal	4	static
tos_Bluetooth_Helper.c:468:6:tos_BluetoothSetEnableVal	16	static
