tos_Bluetooth_Helper.c:28:6:tos_Bluetooth_NotificationItemInit	8	static
tos_Bluetooth_Helper.c:32:6:tos_BluetoothReceiverAndTransmitter	16	static
tos_Bluetooth_Helper.c:42:6:tos_Bluetooth_FirstConnectGetValues	24	static
tos_Bluetooth_Helper.c:81:6:tos_Bluetooth_GetTimeAndDate	4	static
tos_Bluetooth_Helper.c:86:6:tos_Bluetooth_GetAndPushNotification	8	static
tos_Bluetooth_Helper.c:103:6:tos_Bluetooth_SetBatteryVal	16	static
tos_Bluetooth_Helper.c:110:6:tos_Bluetooth_SetStepsVal	16	static
tos_Bluetooth_Helper.c:116:6:tos_BluetoothGetStatusVAl	24	static
tos_Bluetooth_Helper.c:130:12:tos_BluetoothStatus_SymColor_Helper	16	static
tos_Bluetooth_Helper.c:134:6:tos_BluetoothEnableController	4	static
tos_Bluetooth_Helper.c:139:6:tos_BluetoothGetEnableVal	4	static
tos_Bluetooth_Helper.c:142:6:tos_BluetoothSetEnableVal	16	static
tos_Bluetooth_Helper.c:145:9:tos_BluetoothGetBatteryVal	4	static
tos_Bluetooth_Helper.c:148:6:tos_BluetoothSetBatteryVal	16	static
tos_Bluetooth_Helper.c:151:10:tos_BluetoothGetStepsVal	4	static
tos_Bluetooth_Helper.c:154:6:tos_BluetoothSetStepsVal	16	static
tos_Bluetooth_Helper.c:159:20:tos_BluetoothSetRoot	4	static
tos_Bluetooth_Helper.c:162:20:tos_BluetoothSetNode	4	static
