tos_Flash_Mem_Helper.c:20:6:tos_Flash_Init	8	static
tos_Flash_Mem_Helper.c:44:6:tos_Flash_SetTime	24	static
tos_Flash_Mem_Helper.c:87:6:tos_Flash_SetDate	24	static
tos_Flash_Mem_Helper.c:120:6:tos_Flash_SetTypeAndTheme	24	static
tos_Flash_Mem_Helper.c:150:9:tos_Flash_GetHours	8	static
tos_Flash_Mem_Helper.c:153:9:tos_Flash_GetMinutes	8	static
tos_Flash_Mem_Helper.c:156:9:tos_Flash_GetSeconds	8	static
tos_Flash_Mem_Helper.c:160:9:tos_Flash_GetDate	8	static
tos_Flash_Mem_Helper.c:163:9:tos_Flash_GetMonth	8	static
tos_Flash_Mem_Helper.c:166:9:tos_Flash_GetYear	8	static
tos_Flash_Mem_Helper.c:170:9:tos_Flash_GetType	8	static
tos_Flash_Mem_Helper.c:173:9:tos_Flash_GetTypeTheme	8	static
tos_Flash_Mem_Helper.c:179:9:tos_Flash_Read_Byte	16	static
tos_Flash_Mem_Helper.c:182:10:tos_Flash_Read_HalfWord	16	static
tos_Flash_Mem_Helper.c:185:10:tos_Flash_Read_Word	16	static
tos_Flash_Mem_Helper.c:189:6:tos_Flash_Write_Byte	16	static
tos_Flash_Mem_Helper.c:194:6:tos_Flash_Write_HalfWord	16	static
tos_Flash_Mem_Helper.c:199:6:tos_Flash_Write_Word	16	static
tos_Flash_Mem_Helper.c:204:6:tos_Erase_Sector	8	static
