lv_disp.h:97:26:lv_scr_act	8	static
tos_Gui_Helper.c:26:6:tos_Screen_Init	8	static
tos_Gui_Helper.c:31:6:tos_Screen_Create	8	static
tos_Gui_Helper.c:44:6:tos_firstScreen_Update	8	static
tos_Gui_Helper.c:54:6:tos_Gui_Init	8	static
tos_Gui_Helper.c:63:6:tos_ScreenController	8	static
tos_Gui_Helper.c:93:6:tos_Screen_Chooser	16	static
tos_Gui_Helper.c:114:6:tos_Screen_Variables_Getter	16	static
tos_Gui_Helper.c:120:6:tos_Get_Rtc	16	static
tos_Gui_Helper.c:123:9:tos_Get_Current_Screen	4	static
tos_Gui_Helper.c:126:6:tos_Set_Current_Screen	8	static
tos_Gui_Helper.c:130:6:tos_SleepScreen_Counter	8	static
tos_Gui_Helper.c:138:6:tos_Gui_ShutdownController	8	static
tos_Gui_Helper.c:154:6:tos_Gui_GetWorkingSystemVal	4	static
