tos_Bluetooth_Helper.c:27:6:tos_BluetoothReceiverAndTransmitter	16	static
tos_Bluetooth_Helper.c:36:6:tos_Bluetooth_GetCurrentTime	24	static
tos_Bluetooth_Helper.c:52:6:tos_Bluetooth_FirstConnectGetValues	24	static
tos_Bluetooth_Helper.c:91:6:tos_Bluetooth_GetAndPushNotification	8	static
tos_Bluetooth_Helper.c:107:6:tos_Bluetooth_SetBatteryVal	16	static
tos_Bluetooth_Helper.c:114:6:tos_Bluetooth_SetStepsVal	16	static
tos_Bluetooth_Helper.c:120:6:tos_BluetoothGetStatusVAl	24	static
tos_Bluetooth_Helper.c:134:12:tos_BluetoothStatus_SymColor_Helper	16	static
tos_Bluetooth_Helper.c:138:6:tos_BluetoothEnableController	4	static
tos_Bluetooth_Helper.c:143:6:tos_BluetoothGetEnableVal	4	static
tos_Bluetooth_Helper.c:146:6:tos_BluetoothSetEnableVal	16	static
tos_Bluetooth_Helper.c:149:9:tos_BluetoothGetBatteryVal	4	static
tos_Bluetooth_Helper.c:152:6:tos_BluetoothSetBatteryVal	16	static
tos_Bluetooth_Helper.c:155:10:tos_BluetoothGetStepsVal	4	static
tos_Bluetooth_Helper.c:158:6:tos_BluetoothSetStepsVal	16	static
