tos_Bluetooth_Helper.c:37:6:tos_Bluetooth_NotificationItemInit	8	static
tos_Bluetooth_Helper.c:43:6:tos_BluetoothReceiverAndTransmitter	16	static
tos_Bluetooth_Helper.c:59:6:tos_Bluetooth_isConnected	8	static
tos_Bluetooth_Helper.c:67:6:tos_Bluetooth_StartListening	8	static
tos_Bluetooth_Helper.c:72:6:tos_Bluetooth_GetTimeAndDate	24	static
tos_Bluetooth_Helper.c:91:6:tos_Bluetooth_GetAndPushNotification	8	static
tos_Bluetooth_Helper.c:107:6:tos_Bluetooth_GetAndPushMusic	16	static
tos_Bluetooth_Helper.c:126:6:tos_Bluetooth_SetMusicVAls	8	static
tos_Bluetooth_Helper.c:140:6:tos_Bluetooth_SetBatteryVal	16	static
tos_Bluetooth_Helper.c:151:6:tos_Bluetooth_SetStepsVal	16	static
tos_Bluetooth_Helper.c:161:6:tos_BluetoothGetStatusVAl	24	static
tos_Bluetooth_Helper.c:175:12:tos_BluetoothStatus_SymColor_Helper	16	static
tos_Bluetooth_Helper.c:179:6:tos_BluetoothEnableController	8	static
tos_Bluetooth_Helper.c:189:6:tos_BluetoothGetEnableVal	4	static
tos_Bluetooth_Helper.c:192:6:tos_BluetoothSetEnableVal	16	static
tos_Bluetooth_Helper.c:195:9:tos_BluetoothGetBatteryVal	4	static
tos_Bluetooth_Helper.c:198:6:tos_BluetoothSetBatteryVal	16	static
tos_Bluetooth_Helper.c:201:10:tos_BluetoothGetStepsVal	4	static
tos_Bluetooth_Helper.c:204:6:tos_BluetoothSetStepsVal	16	static
tos_Bluetooth_Helper.c:209:20:tos_BluetoothSetRoot	4	static
tos_Bluetooth_Helper.c:212:20:tos_BluetoothSetNode	4	static
