tos_Bluetooth_Helper.c:37:6:tos_Bluetooth_NotificationItemInit	8	static
tos_Bluetooth_Helper.c:43:6:tos_BluetoothReceiverAndTransmitter	16	static
tos_Bluetooth_Helper.c:62:6:tos_Bluetooth_isConnected	8	static
tos_Bluetooth_Helper.c:70:6:tos_Bluetooth_StartListening	8	static
tos_Bluetooth_Helper.c:75:6:tos_Bluetooth_GetTimeAndDate	24	static
tos_Bluetooth_Helper.c:103:6:tos_Bluetooth_GetAndPushNotification	8	static
tos_Bluetooth_Helper.c:119:6:tos_Bluetooth_GetAndPushMusic	16	static
tos_Bluetooth_Helper.c:138:6:tos_Bluetooth_SetMusicVAls	8	static
tos_Bluetooth_Helper.c:152:6:tos_Bluetooth_SetBatteryVal	16	static
tos_Bluetooth_Helper.c:163:6:tos_Bluetooth_SetStepsVal	16	static
tos_Bluetooth_Helper.c:173:6:tos_BluetoothGetStatusVAl	24	static
tos_Bluetooth_Helper.c:187:12:tos_BluetoothStatus_SymColor_Helper	16	static
tos_Bluetooth_Helper.c:191:6:tos_BluetoothEnableController	8	static
tos_Bluetooth_Helper.c:201:6:tos_BluetoothGetEnableVal	4	static
tos_Bluetooth_Helper.c:204:6:tos_BluetoothSetEnableVal	16	static
tos_Bluetooth_Helper.c:207:9:tos_BluetoothGetBatteryVal	4	static
tos_Bluetooth_Helper.c:210:6:tos_BluetoothSetBatteryVal	16	static
tos_Bluetooth_Helper.c:213:10:tos_BluetoothGetStepsVal	4	static
tos_Bluetooth_Helper.c:216:6:tos_BluetoothSetStepsVal	16	static
tos_Bluetooth_Helper.c:221:20:tos_BluetoothSetRoot	4	static
tos_Bluetooth_Helper.c:224:20:tos_BluetoothSetNode	4	static
