lv_color.h:399:26:lv_color_make	24	static
lv_color.h:422:26:lv_color_hex	16	static
lv_disp.h:97:26:lv_scr_act	8	static
lv_label.h:185:20:lv_label_set_style	24	static
SettingsScreen.c:47:6:tos_SettingsScreen_Init	16	static
SettingsScreen.c:74:6:SettingsScreen_clockInit	40	static
SettingsScreen.c:100:6:SettingsScreen_dateInit	40	static
SettingsScreen.c:126:6:SettingsScreen_bluetoothInit	40	static
SettingsScreen.c:153:6:SettingsScreen_unitTypeInit	40	static
SettingsScreen.c:189:6:SettingsScreen_buttonsInit	32	static
SettingsScreen.c:242:6:SettingsScreen_ButtonController	8	static
SettingsScreen.c:279:6:SettingsScreen_WhichItemSetVal	8	static
SettingsScreen.c:297:6:SettingsScreen_TimeSetVal	8	static
SettingsScreen.c:303:6:SettingsScreen_DateSetVal	8	static
SettingsScreen.c:309:6:SettingsScreen_TimeUpdateVal	16	static
SettingsScreen.c:331:6:SettingsScreen_DateUpdateVal	16	static
SettingsScreen.c:353:6:SettingsScreen_BluetoothUpdateVal	16	static
SettingsScreen.c:362:6:SettingsScreen_UnitUpdateVal	16	static
SettingsScreen.c:371:6:SettingsScreen_newTimeLblController	16	static
SettingsScreen.c:402:6:SettingsScreen_newDateLblController	16	static
SettingsScreen.c:433:6:SettingsScreen_newBluetoothValController	16	static
SettingsScreen.c:448:6:SettingsScreen_newUnitTypeController	16	static
SettingsScreen.c:468:6:SettingsScreen_SetNewValues	8	static
SettingsScreen.c:474:6:SettingsScreen_SetTime	16	static
SettingsScreen.c:481:6:SettingsScreen_SetDate	16	static
SettingsScreen.c:488:6:SettingsScreen_SetUnitType	16	static
SettingsScreen.c:491:6:SettingsScreen_isSettingsOpen	4	static
