lv_color.h:399:26:lv_color_make	24	static
lv_color.h:422:26:lv_color_hex	16	static
lv_disp.h:97:26:lv_scr_act	8	static
lv_label.h:185:20:lv_label_set_style	24	static
SettingsScreen.c:47:6:tos_SettingsScreen_Init	16	static
SettingsScreen.c:71:6:SettingsScreen_clockInit	40	static
SettingsScreen.c:97:6:SettingsScreen_dateInit	40	static
SettingsScreen.c:123:6:SettingsScreen_bluetoothInit	40	static
SettingsScreen.c:150:6:SettingsScreen_unitTypeInit	40	static
SettingsScreen.c:186:6:SettingsScreen_buttonsInit	32	static
SettingsScreen.c:240:6:SettingsScreen_ButtonController	8	static
SettingsScreen.c:273:6:SettingsScreen_WhichItemSetVal	8	static
SettingsScreen.c:291:6:SettingsScreen_TimeSetVal	8	static
SettingsScreen.c:297:6:SettingsScreen_DateSetVal	8	static
SettingsScreen.c:303:6:SettingsScreen_TimeUpdateVal	16	static
SettingsScreen.c:325:6:SettingsScreen_DateUpdateVal	16	static
SettingsScreen.c:347:6:SettingsScreen_BluetoothUpdateVal	16	static
SettingsScreen.c:356:6:SettingsScreen_UnitUpdateVal	16	static
SettingsScreen.c:365:6:SettingsScreen_newTimeLblController	16	static
SettingsScreen.c:396:6:SettingsScreen_newDateLblController	16	static
SettingsScreen.c:427:6:SettingsScreen_newBluetoothValController	16	static
SettingsScreen.c:442:6:SettingsScreen_newUnitTypeController	16	static
SettingsScreen.c:462:6:SettingsScreen_SetNewValues	8	static
SettingsScreen.c:468:6:SettingsScreen_SetTime	16	static
SettingsScreen.c:475:6:SettingsScreen_SetDate	16	static
SettingsScreen.c:482:6:SettingsScreen_SetBluetoothStatu	16	static
SettingsScreen.c:485:6:SettingsScreen_SetUnitType	16	static
SettingsScreen.c:488:6:SettingsScreen_isSettingsOpen	4	static
