lv_color.h:399:26:lv_color_make	24	static
lv_color.h:422:26:lv_color_hex	16	static
lv_disp.h:97:26:lv_scr_act	8	static
lv_label.h:185:20:lv_label_set_style	24	static
SettingsScreen.c:47:6:tos_SettingsScreen_Init	16	static
SettingsScreen.c:75:6:SettingsScreen_clockInit	40	static
SettingsScreen.c:101:6:SettingsScreen_dateInit	40	static
SettingsScreen.c:127:6:SettingsScreen_bluetoothInit	40	static
SettingsScreen.c:154:6:SettingsScreen_unitTypeInit	40	static
SettingsScreen.c:190:6:SettingsScreen_buttonsInit	32	static
SettingsScreen.c:243:6:SettingsScreen_ButtonController	8	static
SettingsScreen.c:280:6:SettingsScreen_WhichItemSetVal	8	static
SettingsScreen.c:298:6:SettingsScreen_TimeSetVal	8	static
SettingsScreen.c:304:6:SettingsScreen_DateSetVal	8	static
SettingsScreen.c:310:6:SettingsScreen_TimeUpdateVal	16	static
SettingsScreen.c:332:6:SettingsScreen_DateUpdateVal	16	static
SettingsScreen.c:354:6:SettingsScreen_BluetoothUpdateVal	16	static
SettingsScreen.c:363:6:SettingsScreen_UnitUpdateVal	16	static
SettingsScreen.c:372:6:SettingsScreen_newTimeLblController	16	static
SettingsScreen.c:403:6:SettingsScreen_newDateLblController	16	static
SettingsScreen.c:434:6:SettingsScreen_newBluetoothValController	16	static
SettingsScreen.c:449:6:SettingsScreen_newUnitTypeController	16	static
SettingsScreen.c:469:6:SettingsScreen_SetNewValues	8	static
SettingsScreen.c:476:6:SettingsScreen_SetTime	16	static
SettingsScreen.c:483:6:SettingsScreen_SetDate	16	static
SettingsScreen.c:490:6:SettingsScreen_SetUnitType	16	static
SettingsScreen.c:493:6:SettingsScreen_isSettingsOpen	4	static
