lv_color.h:399:26:lv_color_make	24	static
lv_disp.h:97:26:lv_scr_act	8	static
MusicPlayerScreen.c:29:6:tos_MusicPlayerScreen_Init	24	static
MusicPlayerScreen.c:60:6:MusicPlayerScreen_Updater	16	static
MusicPlayerScreen.c:73:6:MusicPlayerSound_Init	40	static
MusicPlayerScreen.c:121:6:MusicPlayerPlayingVal_Init	24	static
MusicPlayerScreen.c:129:6:MusicPlayerDescriptionLbl_Init	24	static
MusicPlayerScreen.c:146:6:MusicPlayer_ButtonController	8	static
MusicPlayerScreen.c:182:6:soundVolumeController	16	static
MusicPlayerScreen.c:194:7:MusicPlayerImgSet	16	static
MusicPlayerScreen.c:213:6:MusicPlayer_TaskControllerSet	16	static
MusicPlayerScreen.c:216:6:MusicPlayer_SongActristSet	16	static
MusicPlayerScreen.c:219:6:MusicPlayer_MP_SongNameSet	16	static
MusicPlayerScreen.c:222:6:MusicPlayer_MP_SoundVAlSet	16	static
MusicPlayerScreen.c:225:6:MusicPlayer_TaskControllerGet	4	static
MusicPlayerScreen.c:228:6:MusicPlayer_PlayingStatuSet	16	static
MusicPlayerScreen.c:231:9:MusicPlayer_PlayingStatuGet	4	static
MusicPlayerScreen.c:234:9:MusicPlayer_MP_SoundVAlGet	4	static
