lv_color.h:399:26:lv_color_make	24	static
lv_disp.h:97:26:lv_scr_act	8	static
MusicPlayerScreen.c:29:6:tos_MusicPlayerScreen_Init	24	static
MusicPlayerScreen.c:61:6:MusicPlayerScreen_Updater	24	static
MusicPlayerScreen.c:74:6:MusicPlayerSound_Init	40	static
MusicPlayerScreen.c:122:6:MusicPlayerPlayingVal_Init	24	static
MusicPlayerScreen.c:130:6:MusicPlayerDescriptionLbl_Init	24	static
MusicPlayerScreen.c:147:6:MusicPlayer_ButtonController	8	static
MusicPlayerScreen.c:183:6:soundVolumeController	16	static
MusicPlayerScreen.c:195:7:MusicPlayerImgSet	16	static
MusicPlayerScreen.c:214:6:MusicPlayer_TaskControllerSet	16	static
MusicPlayerScreen.c:217:6:MusicPlayer_SongActristSet	16	static
MusicPlayerScreen.c:220:6:MusicPlayer_MP_SongNameSet	16	static
MusicPlayerScreen.c:223:6:MusicPlayer_MP_SoundVAlSet	16	static
MusicPlayerScreen.c:226:6:MusicPlayer_TaskControllerGet	4	static
MusicPlayerScreen.c:229:6:MusicPlayer_PlayingStatuSet	16	static
MusicPlayerScreen.c:232:9:MusicPlayer_PlayingStatuGet	4	static
MusicPlayerScreen.c:235:9:MusicPlayer_MP_SoundVAlGet	4	static
