cmsis_os2.c:880:13:TimerCallback	8	static
cmsis_os2.c:185:12:osKernelInitialize	0	static,ignoring_inline_asm
cmsis_os2.c:206:12:osKernelGetInfo	8	static
cmsis_os2.c:224:17:osKernelGetState	8	static
cmsis_os2.c:249:12:osKernelStart	8	static,ignoring_inline_asm
cmsis_os2.c:272:9:osKernelLock	8	static,ignoring_inline_asm
cmsis_os2.c:299:9:osKernelUnlock	8	static,ignoring_inline_asm
cmsis_os2.c:331:9:osKernelRestoreLock	8	static,ignoring_inline_asm
cmsis_os2.c:367:10:osKernelGetTickCount	0	static,ignoring_inline_asm
cmsis_os2.c:379:10:osKernelGetTickFreq	0	static
cmsis_os2.c:383:10:osKernelGetSysTimerCount	8	static,ignoring_inline_asm
cmsis_os2.c:400:10:osKernelGetSysTimerFreq	0	static
cmsis_os2.c:406:14:osThreadNew	48	static,ignoring_inline_asm
cmsis_os2.c:470:13:osThreadGetName	0	static,ignoring_inline_asm
cmsis_os2.c:483:14:osThreadGetId	0	static
cmsis_os2.c:491:17:osThreadGetState	8	static,ignoring_inline_asm
cmsis_os2.c:513:10:osThreadGetStackSpace	0	static,ignoring_inline_asm
cmsis_os2.c:526:12:osThreadSetPriority	8	static,ignoring_inline_asm
cmsis_os2.c:544:14:osThreadGetPriority	0	static,ignoring_inline_asm
cmsis_os2.c:557:12:osThreadYield	0	static,ignoring_inline_asm
cmsis_os2.c:570:12:osThreadSuspend	8	static,ignoring_inline_asm
cmsis_os2.c:588:12:osThreadResume	8	static,ignoring_inline_asm
cmsis_os2.c:606:18:osThreadExit	8	static
cmsis_os2.c:613:12:osThreadTerminate	8	static,ignoring_inline_asm
cmsis_os2.c:642:10:osThreadGetCount	0	static,ignoring_inline_asm
cmsis_os2.c:654:10:osThreadEnumerate	24	static,ignoring_inline_asm
cmsis_os2.c:682:10:osThreadFlagsSet	32	static,ignoring_inline_asm
cmsis_os2.c:710:10:osThreadFlagsClear	24	static,ignoring_inline_asm
cmsis_os2.c:740:10:osThreadFlagsGet	16	static,ignoring_inline_asm
cmsis_os2.c:758:10:osThreadFlagsWait	48	static,ignoring_inline_asm
cmsis_os2.c:833:12:osDelay	8	static,ignoring_inline_asm
cmsis_os2.c:850:12:osDelayUntil	16	static,ignoring_inline_asm
cmsis_os2.c:890:13:osTimerNew	32	static,ignoring_inline_asm
cmsis_os2.c:948:13:osTimerGetName	0	static,ignoring_inline_asm
cmsis_os2.c:961:12:osTimerStart	16	static,ignoring_inline_asm
cmsis_os2.c:982:12:osTimerStop	16	static,ignoring_inline_asm
cmsis_os2.c:1008:10:osTimerIsRunning	0	static,ignoring_inline_asm
cmsis_os2.c:1021:12:osTimerDelete	24	static,ignoring_inline_asm
cmsis_os2.c:1052:18:osEventFlagsNew	0	static,ignoring_inline_asm
cmsis_os2.c:1088:10:osEventFlagsSet	16	static,ignoring_inline_asm
cmsis_os2.c:1113:10:osEventFlagsClear	16	static,ignoring_inline_asm
cmsis_os2.c:1134:10:osEventFlagsGet	0	static,ignoring_inline_asm
cmsis_os2.c:1151:10:osEventFlagsWait	24	static,ignoring_inline_asm
cmsis_os2.c:1201:12:osEventFlagsDelete	8	static,ignoring_inline_asm
cmsis_os2.c:1225:13:osMutexNew	16	static,ignoring_inline_asm
cmsis_os2.c:1304:12:osMutexAcquire	8	static,ignoring_inline_asm
cmsis_os2.c:1345:12:osMutexRelease	8	static,ignoring_inline_asm
cmsis_os2.c:1378:14:osMutexGetOwner	0	static,ignoring_inline_asm
cmsis_os2.c:1393:12:osMutexDelete	8	static,ignoring_inline_asm
cmsis_os2.c:1422:17:osSemaphoreNew	24	static,ignoring_inline_asm
cmsis_os2.c:1489:12:osSemaphoreAcquire	16	static,ignoring_inline_asm
cmsis_os2.c:1526:12:osSemaphoreRelease	16	static,ignoring_inline_asm
cmsis_os2.c:1554:10:osSemaphoreGetCount	0	static,ignoring_inline_asm
cmsis_os2.c:1570:12:osSemaphoreDelete	8	static,ignoring_inline_asm
cmsis_os2.c:1598:20:osMessageQueueNew	24	static,ignoring_inline_asm
cmsis_os2.c:1651:12:osMessageQueuePut	16	static,ignoring_inline_asm
cmsis_os2.c:1692:12:osMessageQueueGet	16	static,ignoring_inline_asm
cmsis_os2.c:1733:10:osMessageQueueGetCapacity	0	static
cmsis_os2.c:1747:10:osMessageQueueGetMsgSize	0	static
cmsis_os2.c:1761:10:osMessageQueueGetCount	0	static
cmsis_os2.c:1778:10:osMessageQueueGetSpace	0	static,ignoring_inline_asm
cmsis_os2.c:1801:12:osMessageQueueReset	8	static,ignoring_inline_asm
cmsis_os2.c:1819:12:osMessageQueueDelete	0	static
cmsis_os2.c:1910:6:vApplicationGetIdleTaskMemory	0	static
cmsis_os2.c:1920:6:vApplicationGetTimerTaskMemory	0	static
