lv_disp.h:97:26:lv_scr_act	8	static
lv_label.h:185:20:lv_label_set_style	24	static
SleepModeScreen.c:26:6:tos_SleepModeScreen_Init	16	static
SleepModeScreen.c:86:6:SMS_Updater	8	static
SleepModeScreen.c:94:6:SMS_digitalTimePrintTheScreen	16	static
SleepModeScreen.c:113:6:SMS_batteryValueUpdater	16	static
SleepModeScreen.c:120:6:SMS_bluetoothStatusUpdater	16	static
SleepModeScreen.c:130:6:SleepModeScreen_SetTime	16	static
SleepModeScreen.c:135:6:SleepModeScreen_SetDate	16	static
SleepModeScreen.c:142:6:SleepModeScreen_SetBatteryVal	16	static
SleepModeScreen.c:146:6:SleepModeScreen_SetBluetoothStatusVal	16	static
SleepModeScreen.c:150:6:SleepModeScreen_TaskControllerSet	16	static
