lv_disp.h:97:26:lv_scr_act	8	static
lv_label.h:185:20:lv_label_set_style	24	static
SleepModeScreen.c:26:6:tos_SleepModeScreen_Init	16	static
SleepModeScreen.c:87:6:SMS_Updater	8	static
SleepModeScreen.c:95:6:SMS_digitalTimePrintTheScreen	16	static
SleepModeScreen.c:114:6:SMS_batteryValueUpdater	16	static
SleepModeScreen.c:121:6:SMS_bluetoothStatusUpdater	16	static
SleepModeScreen.c:131:6:SleepModeScreen_SetTime	16	static
SleepModeScreen.c:136:6:SleepModeScreen_SetDate	16	static
SleepModeScreen.c:143:6:SleepModeScreen_SetBatteryVal	16	static
SleepModeScreen.c:147:6:SleepModeScreen_SetBluetoothStatusVal	16	static
SleepModeScreen.c:151:6:SleepModeScreen_TaskControllerSet	16	static
