lv_font.h:110:23:lv_font_get_line_height	16	static
lv_cont.h:121:20:lv_cont_set_fit2	24	static
lv_page.h:188:20:lv_page_set_scrl_fit2	16	static
lv_page.h:346:24:lv_page_get_scrl_fit_bottom	16	static
lv_ddlist.h:221:24:lv_ddlist_get_anim_time	16	static
lv_ddlist.c:71:12:lv_ddlist_create	48	static
lv_ddlist.c:163:6:lv_ddlist_set_options	32	static
lv_ddlist.c:195:6:lv_ddlist_set_selected	24	static
lv_ddlist.c:216:6:lv_ddlist_set_fix_height	24	static
lv_ddlist.c:231:6:lv_ddlist_set_fix_width	16	static
lv_ddlist.c:248:6:lv_ddlist_set_draw_arrow	24	static
lv_ddlist.c:261:6:lv_ddlist_set_stay_open	24	static
lv_ddlist.c:275:6:lv_ddlist_set_style	32	static
lv_ddlist.c:293:6:lv_ddlist_set_align	32	static
lv_ddlist.c:313:14:lv_ddlist_get_options	24	static
lv_ddlist.c:324:10:lv_ddlist_get_selected	24	static
lv_ddlist.c:337:6:lv_ddlist_get_selected_str	48	static
lv_ddlist.c:367:12:lv_ddlist_get_fix_height	24	static
lv_ddlist.c:377:6:lv_ddlist_get_draw_arrow	24	static
lv_ddlist.c:388:6:lv_ddlist_get_stay_open	24	static
lv_ddlist.c:401:20:lv_ddlist_get_style	24	static
lv_ddlist.c:416:18:lv_ddlist_get_align	24	static
lv_ddlist.c:432:6:lv_ddlist_open	24	static
lv_ddlist.c:448:6:lv_ddlist_close	24	static
lv_ddlist.c:468:22:lv_ddlist_get_txt_flag	24	static
lv_ddlist.c:495:13:lv_ddlist_design	224	static
lv_ddlist.c:605:17:lv_ddlist_signal	56	static
lv_ddlist.c:708:17:lv_ddlist_scrl_signal	48	static
lv_ddlist.c:742:17:release_handler	64	static
lv_ddlist.c:810:13:lv_ddlist_refr_size	80	static
lv_ddlist.c:879:13:lv_ddlist_anim_ready_cb	24	static
lv_ddlist.c:889:13:lv_ddlist_anim_finish	24	static
lv_ddlist.c:904:13:lv_ddlist_adjust_height	16	static
lv_ddlist.c:915:13:lv_ddlist_pos_current_option	48	static
lv_ddlist.c:936:13:lv_ddlist_refr_width	16	static
