lv_cont.h:121:20:lv_cont_set_fit2	24	static
lv_page.h:188:20:lv_page_set_scrl_fit2	16	static
lv_page.h:229:20:lv_page_set_scrl_layout	16	static
lv_btn.h:151:20:lv_btn_set_layout	16	static
lv_btn.h:177:20:lv_btn_set_fit2	16	static
lv_list.h:148:20:lv_list_set_sb_mode	16	static
lv_list.h:297:24:lv_list_get_anim_time	16	static
lv_list.c:70:12:lv_list_create	48	static
lv_list.c:157:6:lv_list_clean	24	static
lv_list.c:176:12:lv_list_add_btn	48	static
lv_list.c:241:6:lv_list_remove	32	static
lv_list.c:268:6:lv_list_set_single_mode	24	static
lv_list.c:283:6:lv_list_set_btn_selected	32	static
lv_list.c:322:6:lv_list_set_style	40	static
lv_list.c:377:6:lv_list_get_single_mode	24	static
lv_list.c:389:14:lv_list_get_btn_text	24	static
lv_list.c:401:12:lv_list_get_btn_label	24	static
lv_list.c:419:12:lv_list_get_btn_img	24	static
lv_list.c:442:12:lv_list_get_prev_btn	24	static
lv_list.c:467:12:lv_list_get_next_btn	24	static
lv_list.c:492:9:lv_list_get_btn_index	24	static
lv_list.c:515:10:lv_list_get_size	24	static
lv_list.c:527:12:lv_list_get_btn_selected	24	static
lv_list.c:541:20:lv_list_get_style	24	static
lv_list.c:569:6:lv_list_up	80	static
lv_list.c:614:6:lv_list_down	72	static
lv_list.c:655:6:lv_list_focus	24	static
lv_list.c:678:17:lv_list_signal	104	static
lv_list.c:830:17:lv_list_btn_signal	64	static
lv_list.c:889:13:lv_list_btn_single_select	24	static
lv_list.c:908:13:lv_list_is_list_btn	56	static
lv_list.c:925:13:lv_list_is_list_label	56	static
lv_list.c:942:13:lv_list_is_list_img	56	static
