lv_font.h:110:23:lv_font_get_line_height	16	static
lv_area.h:83:26:lv_area_get_width	16	static
lv_cont.h:121:20:lv_cont_set_fit2	24	static
lv_cont.h:132:20:lv_cont_set_fit	24	static
lv_mbox.c:64:12:lv_mbox_create	40	static
lv_mbox.c:139:6:lv_mbox_add_btns	24	static
lv_mbox.c:174:6:lv_mbox_set_text	24	static
lv_mbox.c:187:6:lv_mbox_set_anim_time	24	static
lv_mbox.c:204:6:lv_mbox_start_auto_close	56	static
lv_mbox.c:258:6:lv_mbox_stop_auto_close	16	static
lv_mbox.c:273:6:lv_mbox_set_style	32	static
lv_mbox.c:295:6:lv_mbox_set_recolor	24	static
lv_mbox.c:311:14:lv_mbox_get_text	24	static
lv_mbox.c:324:10:lv_mbox_get_active_btn	24	static
lv_mbox.c:339:14:lv_mbox_get_active_btn_text	24	static
lv_mbox.c:353:10:lv_mbox_get_anim_time	24	static
lv_mbox.c:370:20:lv_mbox_get_style	24	static
lv_mbox.c:394:6:lv_mbox_get_recolor	24	static
lv_mbox.c:409:12:lv_mbox_get_btnm	24	static
lv_mbox.c:426:17:lv_mbox_signal	64	static
lv_mbox.c:494:13:mbox_realign	40	static
lv_mbox.c:516:13:lv_mbox_close_ready_cb	16	static
lv_mbox.c:522:13:lv_mbox_default_event_cb	24	static
