queue.c:2287:19:prvIsQueueEmpty	8	static
queue.c:2070:19:prvCopyDataToQueue	16	static
queue.c:2149:13:prvCopyDataFromQueue	4	static
queue.c:2167:13:prvUnlockQueue	16	static
queue.c:255:12:xQueueGenericReset	16	static,ignoring_inline_asm
queue.c:310:16:xQueueGenericCreateStatic	16	static,ignoring_inline_asm
queue.c:368:16:xQueueGenericCreate	24	static,ignoring_inline_asm
queue.c:539:15:xQueueGetMutexHolder	8	static
queue.c:570:15:xQueueGetMutexHolderFromISR	0	static,ignoring_inline_asm
queue.c:693:16:xQueueCreateCountingSemaphoreStatic	16	static,ignoring_inline_asm
queue.c:721:16:xQueueCreateCountingSemaphore	8	static,ignoring_inline_asm
queue.c:747:12:xQueueGenericSend	48	static,ignoring_inline_asm
queue.c:519:16:xQueueCreateMutexStatic	16	static
queue.c:596:13:xQueueGiveMutexRecursive	16	static,ignoring_inline_asm
queue.c:503:16:xQueueCreateMutex	8	static
queue.c:957:12:xQueueGenericSendFromISR	32	static,ignoring_inline_asm
queue.c:1108:12:xQueueGiveFromISR	16	static,ignoring_inline_asm
queue.c:1273:12:xQueueReceive	48	static,ignoring_inline_asm
queue.c:1414:12:xQueueSemaphoreTake	40	static,ignoring_inline_asm
queue.c:651:13:xQueueTakeMutexRecursive	16	static,ignoring_inline_asm
queue.c:1632:12:xQueuePeek	48	static,ignoring_inline_asm
queue.c:1781:12:xQueueReceiveFromISR	32	static,ignoring_inline_asm
queue.c:1872:12:xQueuePeekFromISR	24	static,ignoring_inline_asm
queue.c:1926:13:uxQueueMessagesWaiting	8	static,ignoring_inline_asm
queue.c:1942:13:uxQueueSpacesAvailable	16	static,ignoring_inline_asm
queue.c:1959:13:uxQueueMessagesWaitingFromISR	0	static,ignoring_inline_asm
queue.c:2015:14:uxQueueGetQueueNumber	0	static
queue.c:2025:7:vQueueSetQueueNumber	0	static
queue.c:2035:10:ucQueueGetQueueType	0	static
queue.c:2308:12:xQueueIsQueueEmptyFromISR	0	static,ignoring_inline_asm
queue.c:2348:12:xQueueIsQueueFullFromISR	0	static,ignoring_inline_asm
queue.c:2644:7:vQueueAddToRegistry	12	static
queue.c:2673:14:pcQueueGetName	0	static
queue.c:2701:7:vQueueUnregisterQueue	8	static
queue.c:1971:6:vQueueDelete	8	static,ignoring_inline_asm
queue.c:2733:7:vQueueWaitForMessageRestricted	16	static
