timers.c:916:13:prvCheckForValidListAndQueue	32	static
timers.c:668:19:prvInsertTimerInActiveList	8	static
timers.c:227:12:xTimerCreateTimerTask	40	static,ignoring_inline_asm
timers.c:282:16:xTimerCreate	24	static,ignoring_inline_asm
timers.c:309:16:xTimerCreateStatic	32	static,ignoring_inline_asm
timers.c:381:12:xTimerGenericCommand	32	static,ignoring_inline_asm
timers.c:857:13:prvSwitchTimerLists	32	static,ignoring_inline_asm
timers.c:523:8:prvTimerTask	64	static,ignoring_inline_asm
timers.c:424:14:xTimerGetTimerDaemonTaskHandle	0	static,ignoring_inline_asm
timers.c:433:12:xTimerGetPeriod	0	static,ignoring_inline_asm
timers.c:442:6:vTimerSetReloadMode	16	static,ignoring_inline_asm
timers.c:462:12:xTimerGetExpiryTime	0	static,ignoring_inline_asm
timers.c:473:14:pcTimerGetName	0	static,ignoring_inline_asm
timers.c:967:12:xTimerIsTimerActive	8	static,ignoring_inline_asm
timers.c:992:7:pvTimerGetTimerID	8	static,ignoring_inline_asm
timers.c:1009:6:vTimerSetTimerID	16	static,ignoring_inline_asm
timers.c:1025:13:xTimerPendFunctionCallFromISR	24	static
timers.c:1049:13:xTimerPendFunctionCall	32	static,ignoring_inline_asm
timers.c:1078:14:uxTimerGetTimerNumber	0	static
timers.c:1088:7:vTimerSetTimerNumber	0	static
