lv_color.h:399:26:lv_color_make	24	static
lv_disp.h:97:26:lv_scr_act	8	static
lv_label.h:185:20:lv_label_set_style	24	static
MenuScreen.c:22:6:tos_MenuScreen_Init	24	static
MenuScreen.c:40:6:tos_Menu_Controller	8	static
MenuScreen.c:77:6:MenuScreen_OpenMenu	16	static
MenuScreen.c:150:6:MenuScreen_ItemController	16	static
MenuScreen.c:171:6:MenuScreen_MenuItem	32	static
MenuScreen.c:184:6:MenuScreen_TaskControllerGet	4	static
MenuScreen.c:187:6:MenuScreen_TaskControllerSet	16	static
MenuScreen.c:190:6:MenuScreen_SetItem	16	static
