lv_color.h:399:26:lv_color_make	24	static
lv_disp.h:97:26:lv_scr_act	8	static
lv_label.h:185:20:lv_label_set_style	24	static
StepAndKcalScreen.c:34:6:tos_StepAndKcalScreen_Init	16	static
StepAndKcalScreen.c:64:6:StepAndKcal_Steps	40	static
StepAndKcalScreen.c:99:6:StepAndKcal_kCals	40	static
StepAndKcalScreen.c:136:6:StepAndKcal_Distances	40	static
StepAndKcalScreen.c:171:6:SAK_Updater	16	static
StepAndKcalScreen.c:181:6:SAK_steps_angle_loader	32	static
StepAndKcalScreen.c:197:6:SAK_kCals_angle_loader	32	static
StepAndKcalScreen.c:213:6:SAK_distances_angle_loader	48	static
StepAndKcalScreen.c:226:6:StepAndKcal_SetStepsAndKcals	16	static
StepAndKcalScreen.c:230:6:StepAndKcal_TaskControllerSet	16	static
