lv_color.h:399:26:lv_color_make	24	static
lv_disp.h:97:26:lv_scr_act	8	static
lv_label.h:185:20:lv_label_set_style	24	static
StepAndKcalScreen.c:34:6:tos_StepAndKcalScreen_Init	16	static
StepAndKcalScreen.c:63:6:StepAndKcal_Steps	40	static
StepAndKcalScreen.c:98:6:StepAndKcal_kCals	40	static
StepAndKcalScreen.c:135:6:StepAndKcal_Distances	40	static
StepAndKcalScreen.c:170:6:SAK_Updater	8	static
StepAndKcalScreen.c:180:6:SAK_steps_angle_loader	32	static
StepAndKcalScreen.c:196:6:SAK_kCals_angle_loader	32	static
StepAndKcalScreen.c:212:6:SAK_distances_angle_loader	48	static
StepAndKcalScreen.c:225:6:StepAndKcal_SetStepsAndKcals	16	static
StepAndKcalScreen.c:229:6:StepAndKcal_TaskControllerSet	16	static
