main.c:97:5:main	8	static
main.c:193:6:SystemClock_Config	104	static
main.c:244:13:MX_ADC1_Init	24	static
main.c:294:13:MX_I2C1_Init	8	static
main.c:328:13:MX_RTC_Init	32	static
main.c:390:13:MX_SPI1_Init	8	static
main.c:428:13:MX_TIM2_Init	32	static
main.c:473:13:MX_TIM3_Init	32	static
main.c:518:13:MX_TIM4_Init	32	static
main.c:563:13:MX_USART6_UART_Init	8	static
main.c:594:13:MX_DMA_Init	16	static
main.c:612:13:MX_GPIO_Init	56	static
main.c:675:6:StartDefaultTask	16	static
main.c:694:6:HAL_TIM_PeriodElapsedCallback	16	static
main.c:711:6:Error_Handler	4	static,ignoring_inline_asm
