stm32f4xx_it.c:74:6:NMI_Handler	4	static
stm32f4xx_it.c:89:6:HardFault_Handler	4	static
stm32f4xx_it.c:104:6:MemManage_Handler	4	static
stm32f4xx_it.c:119:6:BusFault_Handler	4	static
stm32f4xx_it.c:134:6:UsageFault_Handler	4	static
stm32f4xx_it.c:149:6:SVC_Handler	4	static
stm32f4xx_it.c:162:6:DebugMon_Handler	4	static
stm32f4xx_it.c:175:6:PendSV_Handler	4	static
stm32f4xx_it.c:188:6:SysTick_Handler	8	static
stm32f4xx_it.c:210:6:TIM2_IRQHandler	8	static
stm32f4xx_it.c:225:6:TIM3_IRQHandler	8	static
stm32f4xx_it.c:239:6:TIM4_IRQHandler	8	static
stm32f4xx_it.c:255:6:DMA2_Stream3_IRQHandler	8	static
