lv_disp.h:97:26:lv_scr_act	8	static
lv_label.h:185:20:lv_label_set_style	24	static
lv_lmeter.h:97:20:lv_lmeter_set_style	24	static
MainScreen.c:45:6:tos_MainScreen_Init	16	static
MainScreen.c:72:6:tos_AnalogueType_Init	24	static
MainScreen.c:234:6:tos_DigitalType_Init	24	static
MainScreen.c:259:6:dType1_Clock_Init	24	static
MainScreen.c:380:6:dType2_Clock_Init	24	static
MainScreen.c:477:6:MainScreen_Updater	8	static
MainScreen.c:507:6:batteryValueUpdater	16	static
MainScreen.c:514:6:bluetoothStatusUpdater	16	static
MainScreen.c:531:6:hours_angle_loader	32	static
MainScreen.c:542:6:minutes_angle_loader	24	static
MainScreen.c:552:6:seconds_angle_loader	24	static
MainScreen.c:561:6:digitalTimePrintTheScreen	16	static
MainScreen.c:583:6:analogueDataPrintTheScreen	16	static
MainScreen.c:598:6:steps_angle_loader	32	static
MainScreen.c:613:6:kCals_angle_loader	32	static
MainScreen.c:626:6:MainScreen_SetTime	16	static
MainScreen.c:631:6:MainScreen_SetDate	16	static
MainScreen.c:638:6:MainScreen_SetStepsAndKcals	16	static
MainScreen.c:642:6:MainScreen_SetBatteryVal	16	static
MainScreen.c:646:6:MainScreen_SetBluetoothStatusVal	16	static
MainScreen.c:650:6:MainScreen_TaskControllerSet	16	static
