lv_disp.h:97:26:lv_scr_act	8	static
lv_label.h:185:20:lv_label_set_style	24	static
lv_lmeter.h:97:20:lv_lmeter_set_style	24	static
MainScreen.c:45:6:tos_MainScreen_Init	16	static
MainScreen.c:69:6:tos_AnalogueType_Init	24	static
MainScreen.c:231:6:tos_DigitalType_Init	24	static
MainScreen.c:256:6:dType1_Clock_Init	24	static
MainScreen.c:377:6:dType2_Clock_Init	24	static
MainScreen.c:474:6:MainScreen_Updater	8	static
MainScreen.c:506:6:batteryValueUpdater	16	static
MainScreen.c:513:6:bluetoothStatusUpdater	16	static
MainScreen.c:526:6:hours_angle_loader	32	static
MainScreen.c:537:6:minutes_angle_loader	24	static
MainScreen.c:547:6:seconds_angle_loader	24	static
MainScreen.c:556:6:digitalTimePrintTheScreen	16	static
MainScreen.c:578:6:analogueDataPrintTheScreen	16	static
MainScreen.c:593:6:steps_angle_loader	32	static
MainScreen.c:608:6:kCals_angle_loader	32	static
MainScreen.c:621:6:MainScreen_SetTime	16	static
MainScreen.c:626:6:MainScreen_SetDate	16	static
MainScreen.c:633:6:MainScreen_SetStepsAndKcals	16	static
MainScreen.c:637:6:MainScreen_SetBatteryVal	16	static
MainScreen.c:641:6:MainScreen_SetBluetoothStatusVal	16	static
MainScreen.c:645:6:MainScreen_TaskControllerSet	16	static
