lv_disp.h:97:26:lv_scr_act	8	static
lv_label.h:185:20:lv_label_set_style	24	static
lv_lmeter.h:97:20:lv_lmeter_set_style	24	static
MainScreen.c:45:6:tos_MainScreen_Init	16	static
MainScreen.c:71:6:tos_AnalogueType_Init	24	static
MainScreen.c:233:6:tos_DigitalType_Init	24	static
MainScreen.c:258:6:dType1_Clock_Init	24	static
MainScreen.c:379:6:dType2_Clock_Init	24	static
MainScreen.c:476:6:MainScreen_Updater	8	static
MainScreen.c:508:6:batteryValueUpdater	16	static
MainScreen.c:515:6:bluetoothStatusUpdater	16	static
MainScreen.c:528:6:hours_angle_loader	32	static
MainScreen.c:539:6:minutes_angle_loader	24	static
MainScreen.c:549:6:seconds_angle_loader	24	static
MainScreen.c:558:6:digitalTimePrintTheScreen	16	static
MainScreen.c:580:6:analogueDataPrintTheScreen	16	static
MainScreen.c:595:6:steps_angle_loader	32	static
MainScreen.c:610:6:kCals_angle_loader	32	static
MainScreen.c:623:6:MainScreen_SetTime	16	static
MainScreen.c:628:6:MainScreen_SetDate	16	static
MainScreen.c:635:6:MainScreen_SetStepsAndKcals	16	static
MainScreen.c:639:6:MainScreen_SetBatteryVal	16	static
MainScreen.c:643:6:MainScreen_SetBluetoothStatusVal	16	static
MainScreen.c:647:6:MainScreen_TaskControllerSet	16	static
