lv_color.h:399:26:lv_color_make	24	static
lv_disp.h:97:26:lv_scr_act	8	static
lv_label.h:185:20:lv_label_set_style	24	static
RunModeScreen.c:37:6:tos_RunModeScreen_Init	16	static
RunModeScreen.c:70:6:RunMode_Obj_Init	32	static
RunModeScreen.c:110:6:RunMode_kCals	40	static
RunModeScreen.c:146:6:RunMode_Steps	40	static
RunModeScreen.c:182:6:RunMode_Distances	40	static
RunModeScreen.c:215:6:RunModeScreen_Updater	16	static
RunModeScreen.c:224:6:RunMode_RunMode_Updater	40	static
RunModeScreen.c:240:6:RunMode_steps_angle_loader	32	static
RunModeScreen.c:254:6:RunMode_kCals_angle_loader	32	static
RunModeScreen.c:268:6:RunMode_distances_angle_loader	48	static
RunModeScreen.c:281:6:RunMode_ButtonController	8	static
RunModeScreen.c:310:6:RunMode_Update_Time	8	static
RunModeScreen.c:332:6:RunMode_RunTimeSetVal	8	static
RunModeScreen.c:339:6:RunMode_RunTimeUpdateVal	8	static
RunModeScreen.c:350:6:RunMode_RunTimeLblController	24	static
RunModeScreen.c:381:6:RunMode_FistValueSet	8	static
RunModeScreen.c:391:6:RunMode_SetStepsAndKcals	16	static
RunModeScreen.c:395:6:RunMode_TaskControllerSet	16	static
RunModeScreen.c:398:6:RunMode_TaskControllerGet	4	static
