lv_color.h:399:26:lv_color_make	24	static
lv_disp.h:97:26:lv_scr_act	8	static
lv_label.h:185:20:lv_label_set_style	24	static
RunModeScreen.c:38:6:tos_RunModeScreen_Init	16	static
RunModeScreen.c:71:6:RunMode_Obj_Init	32	static
RunModeScreen.c:111:6:RunMode_kCals	40	static
RunModeScreen.c:147:6:RunMode_Steps	40	static
RunModeScreen.c:183:6:RunMode_Distances	40	static
RunModeScreen.c:216:6:RunModeScreen_Updater	16	static
RunModeScreen.c:225:6:RunMode_RunMode_Updater	40	static
RunModeScreen.c:241:6:RunMode_steps_angle_loader	32	static
RunModeScreen.c:255:6:RunMode_kCals_angle_loader	32	static
RunModeScreen.c:269:6:RunMode_distances_angle_loader	48	static
RunModeScreen.c:282:6:RunMode_ButtonController	8	static
RunModeScreen.c:313:6:RunMode_Update_Time	8	static
RunModeScreen.c:335:6:RunMode_RunTimeSetVal	8	static
RunModeScreen.c:342:6:RunMode_RunTimeUpdateVal	8	static
RunModeScreen.c:353:6:RunMode_RunTimeLblController	24	static
RunModeScreen.c:384:6:RunMode_FistValueSet	8	static
RunModeScreen.c:394:6:RunMode_SetStepsAndKcals	16	static
RunModeScreen.c:398:6:RunMode_TaskControllerSet	16	static
RunModeScreen.c:401:6:RunMode_TaskControllerGet	4	static
