lv_color.h:399:26:lv_color_make	24	static
lv_img_decoder.c:65:6:lv_img_decoder_init	16	static
lv_img_decoder.c:92:10:lv_img_decoder_get_info	24	static
lv_img_decoder.c:122:10:lv_img_decoder_open	32	static
lv_img_decoder.c:166:10:lv_img_decoder_read_line	48	static
lv_img_decoder.c:178:6:lv_img_decoder_close	16	static
lv_img_decoder.c:187:20:lv_img_decoder_create	16	static
lv_img_decoder.c:203:6:lv_img_decoder_delete	16	static
lv_img_decoder.c:214:6:lv_img_decoder_set_info_cb	16	static
lv_img_decoder.c:224:6:lv_img_decoder_set_open_cb	16	static
lv_img_decoder.c:234:6:lv_img_decoder_set_read_line_cb	16	static
lv_img_decoder.c:244:6:lv_img_decoder_set_close_cb	16	static
lv_img_decoder.c:253:17:lv_img_decoder_built_in_info	40	static
lv_img_decoder.c:298:17:lv_img_decoder_built_in_open	64	static
lv_img_decoder.c:427:17:lv_img_decoder_built_in_read_line	40	static
lv_img_decoder.c:456:13:lv_img_decoder_built_in_close	24	static
lv_img_decoder.c:476:17:lv_img_decoder_built_in_line_true_color	48	static
lv_img_decoder.c:506:17:lv_img_decoder_built_in_line_alpha	336	static
lv_img_decoder.c:614:17:lv_img_decoder_built_in_line_indexed	312	static
