lv_disp.h:97:26:lv_scr_act	8	static
lv_label.h:185:20:lv_label_set_style	24	static
lv_cb.h:102:20:lv_cb_set_checked	16	static
NotificationScreen.c:26:6:tos_NotificationScreen_Init	16	static
NotificationScreen.c:49:6:NotificationScreen_ButtonController	24	static
NotificationScreen.c:96:6:NotificationScreen_Items	48	static
NotificationScreen.c:126:6:NotificationScreen_NotificationBox	24	static
NotificationScreen.c:144:6:NotificationScreen_SetOnScreenItems	40	static
NotificationScreen.c:162:6:NotificationScreen_ItemsStyleInit	16	static
NotificationScreen.c:207:14:NotificationScreen_ItemsetPos	24	static
NotificationScreen.c:214:8:NotificationScreen_GetMaxScroll	24	static
NotificationScreen.c:222:6:NotificationScreen_TaskControllerSet	16	static
NotificationScreen.c:225:6:NotificationScreen_TaskControllerGet	4	static
NotificationScreen.c:228:6:NotificationScreen_GetNotifications	16	static
