lv_disp.h:97:26:lv_scr_act	8	static
lv_label.h:185:20:lv_label_set_style	24	static
lv_cb.h:102:20:lv_cb_set_checked	16	static
NotificationScreen.c:28:6:tos_NotificationScreen_Init	16	static
NotificationScreen.c:49:6:NotificationScreen_ButtonController	24	static
NotificationScreen.c:96:6:NotificationScreen_Items	48	static
NotificationScreen.c:126:6:NotificationScreen_NotificationBox	24	static
NotificationScreen.c:144:6:NotificationScreen_SetOnScreenItems	40	static
NotificationScreen.c:163:6:NotificationScreen_ItemsStyleInit	16	static
NotificationScreen.c:208:14:NotificationScreen_ItemsetPos	24	static
NotificationScreen.c:215:8:NotificationScreen_GetMaxScroll	24	static
NotificationScreen.c:223:6:NotificationScreen_TaskControllerSet	16	static
NotificationScreen.c:226:6:NotificationScreen_TaskControllerGet	4	static
NotificationScreen.c:229:6:NotificationScreen_SetNotrootAndnode	16	static
