lv_fs.c:57:6:lv_fs_init	8	static
lv_fs.c:68:6:lv_fs_is_ready	24	static
lv_fs.c:86:13:lv_fs_open	48	static
lv_fs.c:138:13:lv_fs_close	24	static
lv_fs.c:163:13:lv_fs_remove	32	static
lv_fs.c:192:13:lv_fs_read	48	static
lv_fs.c:213:13:lv_fs_write	48	static
lv_fs.c:238:13:lv_fs_seek	24	static
lv_fs.c:259:13:lv_fs_tell	24	static
lv_fs.c:282:13:lv_fs_trunc	24	static
lv_fs.c:302:13:lv_fs_size	24	static
lv_fs.c:323:13:lv_fs_rename	40	static
lv_fs.c:357:13:lv_fs_dir_open	32	static
lv_fs.c:395:13:lv_fs_dir_read	24	static
lv_fs.c:416:13:lv_fs_dir_close	24	static
lv_fs.c:445:13:lv_fs_free_space	40	static
lv_fs.c:475:6:lv_fs_drv_init	16	static
lv_fs.c:485:6:lv_fs_drv_register	24	static
lv_fs.c:501:8:lv_fs_get_letters	24	static
lv_fs.c:522:14:lv_fs_get_ext	24	static
lv_fs.c:541:8:lv_fs_up	24	static
lv_fs.c:572:14:lv_fs_get_last	24	static
lv_fs.c:606:21:lv_fs_get_real_path	16	static
lv_fs.c:629:22:lv_fs_get_drv	24	static
