lv_area.h:73:20:lv_area_copy	16	static
lv_area.h:83:26:lv_area_get_width	16	static
lv_area.h:93:26:lv_area_get_height	16	static
lv_obj.c:73:6:lv_init	8	static
lv_obj.c:129:12:lv_obj_create	40	static
lv_obj.c:373:10:lv_obj_del	40	static
lv_obj.c:455:6:lv_obj_clean	24	static
lv_obj.c:472:6:lv_obj_invalidate	48	static
lv_obj.c:519:6:lv_obj_set_parent	24	static
lv_obj.c:556:6:lv_obj_move_foreground	24	static
lv_obj.c:577:6:lv_obj_move_background	24	static
lv_obj.c:604:6:lv_obj_set_pos	32	static
lv_obj.c:651:6:lv_obj_set_x	16	static
lv_obj.c:661:6:lv_obj_set_y	16	static
lv_obj.c:672:6:lv_obj_set_size	32	static
lv_obj.c:721:6:lv_obj_set_width	16	static
lv_obj.c:731:6:lv_obj_set_height	16	static
lv_obj.c:744:6:lv_obj_align	48	static
lv_obj.c:889:6:lv_obj_align_origo	48	static
lv_obj.c:1033:6:lv_obj_realign	24	static
lv_obj.c:1052:6:lv_obj_set_auto_realign	16	static
lv_obj.c:1087:6:lv_obj_set_ext_click_area	24	static
lv_obj.c:1115:6:lv_obj_set_style	16	static
lv_obj.c:1130:6:lv_obj_refresh_style	16	static
lv_obj.c:1142:6:lv_obj_report_style_mod	24	static
lv_obj.c:1169:6:lv_obj_set_hidden	24	static
lv_obj.c:1186:6:lv_obj_set_click	16	static
lv_obj.c:1197:6:lv_obj_set_top	16	static
lv_obj.c:1207:6:lv_obj_set_drag	16	static
lv_obj.c:1218:6:lv_obj_set_drag_dir	16	static
lv_obj.c:1230:6:lv_obj_set_drag_throw	16	static
lv_obj.c:1241:6:lv_obj_set_drag_parent	16	static
lv_obj.c:1251:6:lv_obj_set_parent_event	16	static
lv_obj.c:1261:6:lv_obj_set_opa_scale_enable	16	static
lv_obj.c:1271:6:lv_obj_set_opa_scale	16	static
lv_obj.c:1282:6:lv_obj_set_protect	16	static
lv_obj.c:1292:6:lv_obj_clear_protect	16	static
lv_obj.c:1304:6:lv_obj_set_event_cb	16	static
lv_obj.c:1316:10:lv_event_send	32	static
lv_obj.c:1335:10:lv_event_send_func	48	static
lv_obj.c:1388:14:lv_event_get_data	4	static
lv_obj.c:1399:6:lv_obj_set_signal_cb	16	static
lv_obj.c:1409:6:lv_signal_send	24	static
lv_obj.c:1419:6:lv_obj_set_design_cb	16	static
lv_obj.c:1434:8:lv_obj_allocate_ext_attr	16	static
lv_obj.c:1445:6:lv_obj_refresh_ext_draw_pad	16	static
lv_obj.c:1462:12:lv_obj_get_screen	24	static
lv_obj.c:1480:13:lv_obj_get_disp	32	static
lv_obj.c:1512:12:lv_obj_get_parent	16	static
lv_obj.c:1524:12:lv_obj_get_child	24	static
lv_obj.c:1544:12:lv_obj_get_child_back	24	static
lv_obj.c:1562:10:lv_obj_count_children	24	static
lv_obj.c:1576:10:lv_obj_count_children_recursive	24	static
lv_obj.c:1599:6:lv_obj_get_coords	16	static
lv_obj.c:1609:6:lv_obj_get_inner_coords	24	static
lv_obj.c:1626:12:lv_obj_get_x	24	static
lv_obj.c:1640:12:lv_obj_get_y	24	static
lv_obj.c:1654:12:lv_obj_get_width	16	static
lv_obj.c:1664:12:lv_obj_get_height	16	static
lv_obj.c:1674:12:lv_obj_get_width_fit	24	static
lv_obj.c:1686:12:lv_obj_get_height_fit	24	static
lv_obj.c:1698:6:lv_obj_get_auto_realign	16	static
lv_obj.c:1713:12:lv_obj_get_ext_click_pad_left	16	static
lv_obj.c:1730:12:lv_obj_get_ext_click_pad_right	16	static
lv_obj.c:1747:12:lv_obj_get_ext_click_pad_top	16	static
lv_obj.c:1764:12:lv_obj_get_ext_click_pad_bottom	16	static
lv_obj.c:1781:12:lv_obj_get_ext_draw_pad	16	static
lv_obj.c:1795:20:lv_obj_get_style	32	static
lv_obj.c:1843:6:lv_obj_get_hidden	16	static
lv_obj.c:1853:6:lv_obj_get_click	16	static
lv_obj.c:1863:6:lv_obj_get_top	16	static
lv_obj.c:1873:6:lv_obj_get_drag	16	static
lv_obj.c:1883:15:lv_obj_get_drag_dir	16	static
lv_obj.c:1893:6:lv_obj_get_drag_throw	16	static
lv_obj.c:1903:6:lv_obj_get_drag_parent	16	static
lv_obj.c:1913:6:lv_obj_get_parent_event	16	static
lv_obj.c:1923:10:lv_obj_get_opa_scale_enable	16	static
lv_obj.c:1933:10:lv_obj_get_opa_scale	24	static
lv_obj.c:1950:9:lv_obj_get_protect	16	static
lv_obj.c:1961:6:lv_obj_is_protected	16	static
lv_obj.c:1971:16:lv_obj_get_signal_cb	16	static
lv_obj.c:1981:16:lv_obj_get_design_cb	16	static
lv_obj.c:1991:15:lv_obj_get_event_cb	16	static
lv_obj.c:2006:8:lv_obj_get_ext_attr	16	static
lv_obj.c:2017:6:lv_obj_get_type	56	static
lv_obj.c:2045:20:lv_obj_get_user_data	16	static
lv_obj.c:2055:22:lv_obj_get_user_data_ptr	16	static
lv_obj.c:2065:6:lv_obj_set_user_data	16	static
lv_obj.c:2077:8:lv_obj_get_group	16	static
lv_obj.c:2087:6:lv_obj_is_focused	16	static
lv_obj.c:2110:13:lv_obj_design	56	static
lv_obj.c:2156:17:lv_obj_signal	40	static
lv_obj.c:2185:13:refresh_children_position	24	static
lv_obj.c:2204:13:report_style_mod_core	24	static
lv_obj.c:2223:13:refresh_children_style	24	static
lv_obj.c:2242:13:delete_children	40	static
lv_obj.c:2308:13:lv_event_mark_deleted	24	static
