lv_color.h:326:26:lv_color_mix	24	static
lv_color.h:399:26:lv_color_make	24	static
lv_color.h:427:26:lv_color_hex3	16	static
lv_theme_mono.c:70:13:basic_init	16	static
lv_theme_mono.c:148:13:btn_init	16	static
lv_theme_mono.c:206:13:label_init	16	static
lv_theme_mono.c:227:13:bar_init	16	static
lv_theme_mono.c:263:13:img_init	16	static
lv_theme_mono.c:280:13:line_init	16	static
lv_theme_mono.c:292:13:led_init	16	static
lv_theme_mono.c:310:13:slider_init	8	static
lv_theme_mono.c:328:13:sw_init	16	static
lv_theme_mono.c:359:13:lmeter_init	16	static
lv_theme_mono.c:373:13:gauge_init	16	static
lv_theme_mono.c:394:13:arc_init	16	static
lv_theme_mono.c:411:13:preload_init	4	static
lv_theme_mono.c:419:13:chart_init	4	static
lv_theme_mono.c:426:13:calendar_init	16	static
lv_theme_mono.c:461:13:cb_init	16	static
lv_theme_mono.c:510:13:btnm_init	16	static
lv_theme_mono.c:547:13:kb_init	4	static
lv_theme_mono.c:559:13:mbox_init	8	static
lv_theme_mono.c:573:13:page_init	4	static
lv_theme_mono.c:582:13:ta_init	4	static
lv_theme_mono.c:592:13:spinbox_init	4	static
lv_theme_mono.c:601:13:list_init	16	static
lv_theme_mono.c:639:13:ddlist_init	16	static
lv_theme_mono.c:660:13:roller_init	16	static
lv_theme_mono.c:684:13:tabview_init	16	static
lv_theme_mono.c:745:13:tileview_init	4	static
lv_theme_mono.c:754:13:table_init	8	static
lv_theme_mono.c:767:13:win_init	16	static
lv_theme_mono.c:794:13:style_mod	24	static
lv_theme_mono.c:811:13:style_mod_edit	24	static
lv_theme_mono.c:845:14:lv_theme_mono_init	24	static
lv_theme_mono.c:902:14:lv_theme_get_mono	4	static
