lv_color.h:326:26:lv_color_mix	24	static
lv_color.h:399:26:lv_color_make	24	static
lv_color.h:427:26:lv_color_hex3	16	static
lv_theme_zen.c:45:13:basic_init	16	static
lv_theme_zen.c:95:13:cont_init	4	static
lv_theme_zen.c:103:13:btn_init	16	static
lv_theme_zen.c:146:13:label_init	16	static
lv_theme_zen.c:164:13:img_init	16	static
lv_theme_zen.c:181:13:line_init	4	static
lv_theme_zen.c:189:13:led_init	16	static
lv_theme_zen.c:208:13:bar_init	16	static
lv_theme_zen.c:235:13:slider_init	8	static
lv_theme_zen.c:252:13:sw_init	16	static
lv_theme_zen.c:276:13:lmeter_init	16	static
lv_theme_zen.c:293:13:gauge_init	16	static
lv_theme_zen.c:311:13:arc_init	16	static
lv_theme_zen.c:328:13:preload_init	4	static
lv_theme_zen.c:336:13:chart_init	4	static
lv_theme_zen.c:343:13:calendar_init	16	static
lv_theme_zen.c:371:13:cb_init	16	static
lv_theme_zen.c:409:13:btnm_init	16	static
lv_theme_zen.c:461:13:kb_init	16	static
lv_theme_zen.c:517:13:mbox_init	16	static
lv_theme_zen.c:551:13:page_init	4	static
lv_theme_zen.c:561:13:ta_init	8	static
lv_theme_zen.c:578:13:spinbox_init	4	static
lv_theme_zen.c:587:13:list_init	16	static
lv_theme_zen.c:634:13:ddlist_init	16	static
lv_theme_zen.c:657:13:roller_init	16	static
lv_theme_zen.c:676:13:tabview_init	16	static
lv_theme_zen.c:718:13:tileview_init	4	static
lv_theme_zen.c:727:13:table_init	8	static
lv_theme_zen.c:745:13:win_init	16	static
lv_theme_zen.c:782:13:style_mod	24	static
lv_theme_zen.c:799:13:style_mod_edit	40	static
lv_theme_zen.c:835:14:lv_theme_zen_init	24	static
lv_theme_zen.c:893:14:lv_theme_get_zen	4	static
