tos_taskManager.c:58:6:HAL_UART_RxCpltCallback	16	static
tos_taskManager.c:63:6:tos_tasks_init	16	static
tos_taskManager.c:106:6:tos_BtnAndFSUpdate_Task	16	static
tos_taskManager.c:115:6:tos_BatteryRead_Task	16	static
tos_taskManager.c:123:6:tos_tftTickUpdaterTask	16	static
tos_taskManager.c:135:6:tos_controllerTask	16	static
tos_taskManager.c:145:6:tos_mpu6050readTask	16	static
tos_taskManager.c:152:6:tos_stepAndkCalsCalcTask	16	static
tos_taskManager.c:161:6:tos_ScreenUpdate_Task	24	static
tos_taskManager.c:176:6:tos_SleepScreenUpdate_Task	16	static
tos_taskManager.c:188:6:tos_BluetoothControl_Task	16	static
tos_taskManager.c:193:6:tos_BluetoothReceive_Task	16	static
tos_taskManager.c:200:6:tos_BluetoothTransmit_Task	16	static
tos_taskManager.c:214:6:tos_BtnAndFSUpdate_TaskResume	8	static
tos_taskManager.c:215:6:tos_tftTickUpdaterTaskResume	8	static
tos_taskManager.c:216:6:tos_controllerTaskResume	8	static
tos_taskManager.c:217:6:tos_mpu6050readTaskResume	8	static
tos_taskManager.c:218:6:tos_stepAndkCalsCalcTaskResume	8	static
tos_taskManager.c:220:6:tos_ScreenUpdate_TaskResume	8	static
tos_taskManager.c:221:6:tos_SleepScreenUpdate_TaskResume	8	static
tos_taskManager.c:225:6:tos_BtnAndFSUpdate_TaskPause	8	static
tos_taskManager.c:226:6:tos_tftTickUpdaterTaskPause	8	static
tos_taskManager.c:227:6:tos_controllerTaskPause	8	static
tos_taskManager.c:228:6:tos_mpu6050readTaskPause	8	static
tos_taskManager.c:229:6:tos_stepAndkCalsCalcTaskPause	8	static
tos_taskManager.c:231:6:tos_ScreenUpdate_TaskPause	8	static
tos_taskManager.c:232:6:tos_SleepScreenUpdate_TaskPause	8	static
