tos_taskManager.c:55:6:tos_tasks_init	16	static
tos_taskManager.c:112:6:tos_BtnAndFSUpdate_Task	16	static
tos_taskManager.c:121:6:tos_BatteryRead_Task	16	static
tos_taskManager.c:129:6:tos_tftTickUpdaterTask	16	static
tos_taskManager.c:141:6:tos_controllerTask	16	static
tos_taskManager.c:151:6:tos_mpu6050readTask	16	static
tos_taskManager.c:158:6:tos_stepAndkCalsCalcTask	16	static
tos_taskManager.c:167:6:tos_Bluetooth_Task	24	static
tos_taskManager.c:178:6:tos_ScreenUpdate_Task	16	static
tos_taskManager.c:185:6:tos_SleepScreenUpdate_Task	16	static
tos_taskManager.c:198:6:tos_BtnAndFSUpdate_TaskResume	8	static
tos_taskManager.c:199:6:tos_tftTickUpdaterTaskResume	8	static
tos_taskManager.c:200:6:tos_controllerTaskResume	8	static
tos_taskManager.c:201:6:tos_mpu6050readTaskResume	8	static
tos_taskManager.c:202:6:tos_stepAndkCalsCalcTaskResume	8	static
tos_taskManager.c:203:6:tos_Bluetooth_TaskResume	8	static
tos_taskManager.c:204:6:tos_ScreenUpdate_TaskResume	8	static
tos_taskManager.c:205:6:tos_SleepScreenUpdate_TaskResume	8	static
tos_taskManager.c:209:6:tos_BtnAndFSUpdate_TaskPause	8	static
tos_taskManager.c:210:6:tos_tftTickUpdaterTaskPause	8	static
tos_taskManager.c:211:6:tos_controllerTaskPause	8	static
tos_taskManager.c:212:6:tos_mpu6050readTaskPause	8	static
tos_taskManager.c:213:6:tos_stepAndkCalsCalcTaskPause	8	static
tos_taskManager.c:214:6:tos_Bluetooth_TaskPause	8	static
tos_taskManager.c:215:6:tos_ScreenUpdate_TaskPause	8	static
tos_taskManager.c:216:6:tos_SleepScreenUpdate_TaskPause	8	static
