tos_taskManager.c:56:6:tos_tasks_init	16	static
tos_taskManager.c:113:6:tos_BtnAndFSUpdate_Task	16	static
tos_taskManager.c:122:6:tos_BatteryRead_Task	16	static
tos_taskManager.c:130:6:tos_tftTickUpdaterTask	16	static
tos_taskManager.c:142:6:tos_controllerTask	16	static
tos_taskManager.c:152:6:tos_mpu6050readTask	16	static
tos_taskManager.c:159:6:tos_stepAndkCalsCalcTask	16	static
tos_taskManager.c:168:6:tos_Bluetooth_Task	24	static
tos_taskManager.c:179:6:tos_ScreenUpdate_Task	16	static
tos_taskManager.c:192:6:tos_SleepScreenUpdate_Task	16	static
tos_taskManager.c:205:6:tos_BtnAndFSUpdate_TaskResume	8	static
tos_taskManager.c:206:6:tos_tftTickUpdaterTaskResume	8	static
tos_taskManager.c:207:6:tos_controllerTaskResume	8	static
tos_taskManager.c:208:6:tos_mpu6050readTaskResume	8	static
tos_taskManager.c:209:6:tos_stepAndkCalsCalcTaskResume	8	static
tos_taskManager.c:210:6:tos_Bluetooth_TaskResume	8	static
tos_taskManager.c:211:6:tos_ScreenUpdate_TaskResume	8	static
tos_taskManager.c:212:6:tos_SleepScreenUpdate_TaskResume	8	static
tos_taskManager.c:216:6:tos_BtnAndFSUpdate_TaskPause	8	static
tos_taskManager.c:217:6:tos_tftTickUpdaterTaskPause	8	static
tos_taskManager.c:218:6:tos_controllerTaskPause	8	static
tos_taskManager.c:219:6:tos_mpu6050readTaskPause	8	static
tos_taskManager.c:220:6:tos_stepAndkCalsCalcTaskPause	8	static
tos_taskManager.c:221:6:tos_Bluetooth_TaskPause	8	static
tos_taskManager.c:222:6:tos_ScreenUpdate_TaskPause	8	static
tos_taskManager.c:223:6:tos_SleepScreenUpdate_TaskPause	8	static
